app/(auth)/login.tsx(40,38): error TS2322: Type '{ size: number; stroke: string; }' is not assignable to type 'IntrinsicAttributes & LucideProps'.
  Property 'stroke' does not exist on type 'IntrinsicAttributes & LucideProps'.
app/(auth)/login.tsx(50,38): error TS2322: Type '{ size: number; stroke: string; }' is not assignable to type 'IntrinsicAttributes & LucideProps'.
  Property 'stroke' does not exist on type 'IntrinsicAttributes & LucideProps'.
app/(auth)/login.tsx(67,41): error TS2322: Type '{ size: number; stroke: string; }' is not assignable to type 'IntrinsicAttributes & LucideProps'.
  Property 'stroke' does not exist on type 'IntrinsicAttributes & LucideProps'.
app/(auth)/login.tsx(78,44): error TS2322: Type '{ size: number; stroke: string; className: string; }' is not assignable to type 'IntrinsicAttributes & LucideProps'.
  Property 'stroke' does not exist on type 'IntrinsicAttributes & LucideProps'.
app/(auth)/signup.tsx(25,35): error TS2322: Type '{ size: number; color: string; }' is not assignable to type 'IntrinsicAttributes & LucideProps'.
  Property 'color' does not exist on type 'IntrinsicAttributes & LucideProps'.
app/(auth)/signup.tsx(38,38): error TS2322: Type '{ size: number; color: string; }' is not assignable to type 'IntrinsicAttributes & LucideProps'.
  Property 'color' does not exist on type 'IntrinsicAttributes & LucideProps'.
app/(auth)/signup.tsx(48,38): error TS2322: Type '{ size: number; color: string; }' is not assignable to type 'IntrinsicAttributes & LucideProps'.
  Property 'color' does not exist on type 'IntrinsicAttributes & LucideProps'.
app/(auth)/signup.tsx(58,38): error TS2322: Type '{ size: number; color: string; }' is not assignable to type 'IntrinsicAttributes & LucideProps'.
  Property 'color' does not exist on type 'IntrinsicAttributes & LucideProps'.
app/(auth)/signup.tsx(84,40): error TS2322: Type '{ size: number; color: string; className: string; }' is not assignable to type 'IntrinsicAttributes & LucideProps'.
  Property 'color' does not exist on type 'IntrinsicAttributes & LucideProps'.
app/(auth)/signup.tsx(88,40): error TS2322: Type '{ size: number; color: string; className: string; }' is not assignable to type 'IntrinsicAttributes & LucideProps'.
  Property 'color' does not exist on type 'IntrinsicAttributes & LucideProps'.
app/(tabs)/_layout.tsx(39,26): error TS7031: Binding element 'color' implicitly has an 'any' type.
app/(tabs)/_layout.tsx(39,33): error TS7031: Binding element 'size' implicitly has an 'any' type.
app/(tabs)/_layout.tsx(39,39): error TS7031: Binding element 'focused' implicitly has an 'any' type.
app/(tabs)/_layout.tsx(41,21): error TS2322: Type '{ color: any; size: number; }' is not assignable to type 'IntrinsicAttributes & LucideProps'.
  Property 'color' does not exist on type 'IntrinsicAttributes & LucideProps'.
app/(tabs)/_layout.tsx(49,26): error TS7031: Binding element 'color' implicitly has an 'any' type.
app/(tabs)/_layout.tsx(49,33): error TS7031: Binding element 'size' implicitly has an 'any' type.
app/(tabs)/_layout.tsx(49,39): error TS7031: Binding element 'focused' implicitly has an 'any' type.
app/(tabs)/_layout.tsx(51,23): error TS2322: Type '{ color: any; size: number; }' is not assignable to type 'IntrinsicAttributes & LucideProps'.
  Property 'color' does not exist on type 'IntrinsicAttributes & LucideProps'.
app/(tabs)/_layout.tsx(59,26): error TS7031: Binding element 'color' implicitly has an 'any' type.
app/(tabs)/_layout.tsx(59,33): error TS7031: Binding element 'size' implicitly has an 'any' type.
app/(tabs)/_layout.tsx(59,39): error TS7031: Binding element 'focused' implicitly has an 'any' type.
app/(tabs)/_layout.tsx(61,21): error TS2322: Type '{ color: any; size: number; }' is not assignable to type 'IntrinsicAttributes & LucideProps'.
  Property 'color' does not exist on type 'IntrinsicAttributes & LucideProps'.
app/(tabs)/_layout.tsx(69,26): error TS7031: Binding element 'color' implicitly has an 'any' type.
app/(tabs)/_layout.tsx(69,33): error TS7031: Binding element 'size' implicitly has an 'any' type.
app/(tabs)/_layout.tsx(69,39): error TS7031: Binding element 'focused' implicitly has an 'any' type.
app/(tabs)/_layout.tsx(71,21): error TS2322: Type '{ color: any; size: number; }' is not assignable to type 'IntrinsicAttributes & LucideProps'.
  Property 'color' does not exist on type 'IntrinsicAttributes & LucideProps'.
app/(tabs)/index.tsx(44,31): error TS2322: Type '{ size: number; color: string; }' is not assignable to type 'IntrinsicAttributes & LucideProps'.
  Property 'color' does not exist on type 'IntrinsicAttributes & LucideProps'.
app/(tabs)/index.tsx(62,43): error TS2322: Type '{ size: number; color: string; }' is not assignable to type 'IntrinsicAttributes & LucideProps'.
  Property 'color' does not exist on type 'IntrinsicAttributes & LucideProps'.
app/(tabs)/index.tsx(88,41): error TS2322: Type '{ size: number; color: string; }' is not assignable to type 'IntrinsicAttributes & LucideProps'.
  Property 'color' does not exist on type 'IntrinsicAttributes & LucideProps'.
app/(tabs)/index.tsx(131,42): error TS2322: Type '{ size: number; color: string; className: string; }' is not assignable to type 'IntrinsicAttributes & LucideProps'.
  Property 'color' does not exist on type 'IntrinsicAttributes & LucideProps'.
app/(tabs)/notifications.tsx(26,68): error TS2322: Type '{ size: number; color: string; }' is not assignable to type 'IntrinsicAttributes & LucideProps'.
  Property 'color' does not exist on type 'IntrinsicAttributes & LucideProps'.
app/(tabs)/notifications.tsx(27,70): error TS2322: Type '{ size: number; color: string; }' is not assignable to type 'IntrinsicAttributes & LucideProps'.
  Property 'color' does not exist on type 'IntrinsicAttributes & LucideProps'.
app/(tabs)/notifications.tsx(27,107): error TS2322: Type '{ size: number; color: string; }' is not assignable to type 'IntrinsicAttributes & LucideProps'.
  Property 'color' does not exist on type 'IntrinsicAttributes & LucideProps'.
app/(tabs)/profile.tsx(72,41): error TS2322: Type '{ size: number; color: string; }' is not assignable to type 'IntrinsicAttributes & LucideProps'.
  Property 'color' does not exist on type 'IntrinsicAttributes & LucideProps'.
app/(tabs)/profile.tsx(76,40): error TS2322: Type '{ size: number; color: string; }' is not assignable to type 'IntrinsicAttributes & LucideProps'.
  Property 'color' does not exist on type 'IntrinsicAttributes & LucideProps'.
app/(tabs)/profile.tsx(86,37): error TS2322: Type '{ size: number; color: string; }' is not assignable to type 'IntrinsicAttributes & LucideProps'.
  Property 'color' does not exist on type 'IntrinsicAttributes & LucideProps'.
app/(tabs)/search.tsx(9,31): error TS2322: Type '{ size: number; color: string; }' is not assignable to type 'IntrinsicAttributes & LucideProps'.
  Property 'color' does not exist on type 'IntrinsicAttributes & LucideProps'.
